// Jest Snapshot v1, https://goo.gl/fbAQLP

exports[`renders correctly 1`] = `
<View
  onLayout={[Function]}
  style={
    Array [
      Object {
        "flex": 1,
      },
    ]
  }
>
  <View
    onMoveShouldSetResponder={[Function]}
    onMoveShouldSetResponderCapture={[Function]}
    onResponderEnd={[Function]}
    onResponderGrant={[Function]}
    onResponderMove={[Function]}
    onResponderReject={[Function]}
    onResponderRelease={[Function]}
    onResponderStart={[Function]}
    onResponderTerminate={[Function]}
    onResponderTerminationRequest={[Function]}
    onStartShouldSetResponder={[Function]}
    onStartShouldSetResponderCapture={[Function]}
    style={
      Array [
        Object {
          "flex": 1,
          "flexDirection": "column-reverse",
        },
        Object {
          "backgroundColor": "#000",
        },
      ]
    }
  >
    <View
      style={
        Object {
          "flex": 1,
        }
      }
    >
      <View
        collapsable={undefined}
        pointerEvents="auto"
        style={
          Object {
            "backgroundColor": "#EFEFF4",
            "bottom": 0,
            "left": 0,
            "opacity": 1,
            "position": "absolute",
            "right": 0,
            "shadowColor": "black",
            "shadowOffset": Object {
              "height": 0,
              "width": 0,
            },
            "shadowOpacity": 0.2,
            "shadowRadius": 5,
            "top": 0,
            "transform": Array [
              Object {
                "translateX": 0,
              },
              Object {
                "translateY": 0,
              },
            ],
          }
        }
      >
        <View
          style={
            Object {
              "flex": 1,
              "flexDirection": "row",
            }
          }
        >
          <View
            style={
              Object {
                "alignItems": "center",
                "backgroundColor": "#fd7d01",
                "flex": 0.25,
                "justifyContent": "center",
              }
            }
          >
            <View
              style={
                Object {
                  "alignItems": "center",
                  "backgroundColor": "#f1f1f1",
                  "borderRadius": 5,
                  "height": 40,
                  "margin": 1,
                  "width": 7.5,
                }
              }
            />
          </View>
          <View
            style={
              Object {
                "backgroundColor": "#FFF",
                "flex": 8,
                "flexDirection": "column",
              }
            }
          >
            <View>
              <View
                style={
                  Array [
                    Object {
                      "backgroundColor": "#F8F8F8",
                      "borderBottomColor": "#a7a6ab",
                      "borderBottomWidth": 0.5,
                      "elevation": 3,
                      "flexDirection": "row",
                      "height": 64,
                      "justifyContent": "center",
                      "left": 0,
                      "paddingLeft": 10,
                      "paddingRight": 10,
                      "paddingTop": 15,
                      "right": 0,
                      "shadowColor": undefined,
                      "shadowOffset": undefined,
                      "shadowOpacity": undefined,
                      "shadowRadius": undefined,
                      "top": 0,
                    },
                    Object {
                      "backgroundColor": "#5f4b8b",
                    },
                  ]
                }
                virtual={undefined}
              >
                <View />
                <View
                  style={
                    Array [
                      Object {
                        "alignItems": "center",
                        "alignSelf": "center",
                        "flex": 1,
                      },
                      Object {
                        "alignItems": "center",
                      },
                    ]
                  }
                  virtual={undefined}
                >
                  <Text
                    accessible={true}
                    allowFontScaling={true}
                    ellipsizeMode="tail"
                    numberOfLines={1}
                    style={
                      Array [
                        Object {
                          "color": "#000",
                          "fontFamily": "System",
                          "fontSize": 17,
                          "fontWeight": "600",
                          "textAlign": "center",
                        },
                        Object {
                          "fontFamily": "Raleway",
                        },
                      ]
                    }
                    virtual={undefined}
                  >
                     
                    Meu Perfil
                     
                  </Text>
                </View>
              </View>
            </View>
            <View
              style={
                Object {
                  "flex": 3,
                }
              }
            >
              <View
                style={
                  Object {
                    "flex": 3,
                  }
                }
              >
                <View>
                  <Image
                    source={
                      Object {
                        "testUri": "../../../assets/img/logo.png",
                      }
                    }
                    style={
                      Object {
                        "alignSelf": "center",
                        "backgroundColor": "transparent",
                        "height": 100,
                        "marginBottom": 30,
                        "marginTop": 45,
                        "resizeMode": "contain",
                        "width": 200,
                      }
                    }
                  />
                </View>
                <View
                  style={
                    Object {
                      "alignItems": "flex-start",
                      "alignSelf": "center",
                      "justifyContent": "center",
                      "width": "80%",
                    }
                  }
                >
                  <Text
                    accessible={true}
                    allowFontScaling={true}
                    ellipsizeMode="tail"
                    style={
                      Array [
                        Object {
                          "color": "#000",
                          "fontFamily": "System",
                          "fontSize": 16,
                        },
                        Object {
                          "alignSelf": "center",
                          "fontFamily": "Raleway",
                          "fontSize": 25,
                          "marginBottom": 15,
                        },
                      ]
                    }
                    uppercase={false}
                    virtual={undefined}
                  >
                     
                     
                  </Text>
                  <Text
                    accessible={true}
                    allowFontScaling={true}
                    ellipsizeMode="tail"
                    style={
                      Array [
                        Object {
                          "color": "#000",
                          "fontFamily": "System",
                          "fontSize": 16,
                        },
                        Object {
                          "fontFamily": "Lato",
                          "fontSize": 22,
                          "marginBottom": 15,
                        },
                      ]
                    }
                    uppercase={false}
                    virtual={undefined}
                  />
                  <View
                    style={
                      Object {
                        "flexDirection": "row",
                      }
                    }
                  >
                    <Text
                      accessible={true}
                      allowFontScaling={true}
                      ellipsizeMode="tail"
                      style={
                        Array [
                          Object {
                            "color": "#000",
                            "fontFamily": "System",
                            "fontSize": 16,
                          },
                          Object {
                            "fontFamily": "Lato",
                            "fontSize": 22,
                            "marginBottom": 15,
                          },
                        ]
                      }
                      uppercase={false}
                      virtual={undefined}
                    >
                      Hospital: 
                    </Text>
                    <Text
                      accessible={true}
                      allowFontScaling={true}
                      ellipsizeMode="tail"
                      style={
                        Array [
                          Object {
                            "color": "#000",
                            "fontFamily": "System",
                            "fontSize": 16,
                          },
                          Object {
                            "fontFamily": "Lato",
                            "fontSize": 22,
                            "marginBottom": 15,
                          },
                        ]
                      }
                      uppercase={false}
                      virtual={undefined}
                    >
                       
                    </Text>
                  </View>
                  <View
                    style={
                      Object {
                        "flexDirection": "row",
                      }
                    }
                  >
                    <Text
                      accessible={true}
                      allowFontScaling={true}
                      ellipsizeMode="tail"
                      style={
                        Array [
                          Object {
                            "color": "#000",
                            "fontFamily": "System",
                            "fontSize": 16,
                          },
                          Object {
                            "fontFamily": "Lato",
                            "fontSize": 22,
                            "marginBottom": 15,
                          },
                        ]
                      }
                      uppercase={false}
                      virtual={undefined}
                    >
                      Setor: 
                    </Text>
                    <Text
                      accessible={true}
                      allowFontScaling={true}
                      ellipsizeMode="tail"
                      style={
                        Array [
                          Object {
                            "color": "#000",
                            "fontFamily": "System",
                            "fontSize": 16,
                          },
                          Object {
                            "fontFamily": "Lato",
                            "fontSize": 22,
                            "marginBottom": 15,
                          },
                        ]
                      }
                      uppercase={false}
                      virtual={undefined}
                    >
                       
                    </Text>
                  </View>
                  <View
                    style={
                      Object {
                        "flexDirection": "row",
                      }
                    }
                  >
                    <Text
                      accessible={true}
                      allowFontScaling={true}
                      ellipsizeMode="tail"
                      style={
                        Array [
                          Object {
                            "color": "#000",
                            "fontFamily": "System",
                            "fontSize": 16,
                          },
                          Object {
                            "fontFamily": "Lato",
                            "fontSize": 22,
                            "marginBottom": 15,
                          },
                        ]
                      }
                      uppercase={false}
                      virtual={undefined}
                    >
                      Matrícula: 
                    </Text>
                    <Text
                      accessible={true}
                      allowFontScaling={true}
                      ellipsizeMode="tail"
                      style={
                        Array [
                          Object {
                            "color": "#000",
                            "fontFamily": "System",
                            "fontSize": 16,
                          },
                          Object {
                            "fontFamily": "Lato",
                            "fontSize": 22,
                            "marginBottom": 15,
                          },
                        ]
                      }
                      uppercase={false}
                      virtual={undefined}
                    >
                       
                    </Text>
                  </View>
                </View>
              </View>
              <View
                style={
                  Object {
                    "marginTop": 60,
                  }
                }
              />
              <RCTScrollView
                automaticallyAdjustContentInsets={false}
                contentContainerStyle={
                  Array [
                    Object {
                      "padding": undefined,
                    },
                    undefined,
                  ]
                }
                contentInset={
                  Object {
                    "bottom": 0,
                  }
                }
                enableAutomaticScroll={true}
                enableResetScrollToCoords={true}
                extraHeight={75}
                extraScrollHeight={0}
                getScrollResponder={[Function]}
                handleOnScroll={[Function]}
                keyboardDismissMode="interactive"
                keyboardOpeningTime={250}
                keyboardShouldPersistTaps="handled"
                keyboardSpace={0}
                onScroll={[Function]}
                resetKeyboardSpace={[Function]}
                resetScrollToCoords={
                  Object {
                    "x": 0,
                    "y": 0,
                  }
                }
                scrollEventThrottle={1}
                scrollForExtraHeightOnAndroid={[Function]}
                scrollToEnd={[Function]}
                scrollToFocusedInput={[Function]}
                scrollToPosition={[Function]}
                showsVerticalScrollIndicator={true}
                style={
                  Object {
                    "backgroundColor": "transparent",
                    "flex": 1,
                  }
                }
                viewIsInsideTabBar={false}
                virtual={undefined}
              >
                <View>
                  <View
                    accessibilityComponentType={undefined}
                    accessibilityLabel={undefined}
                    accessibilityTraits={undefined}
                    accessible={true}
                    collapsable={undefined}
                    hasTVPreferredFocus={undefined}
                    hitSlop={undefined}
                    isTVSelectable={true}
                    nativeID={undefined}
                    onLayout={undefined}
                    onResponderGrant={[Function]}
                    onResponderMove={[Function]}
                    onResponderRelease={[Function]}
                    onResponderTerminate={[Function]}
                    onResponderTerminationRequest={[Function]}
                    onStartShouldSetResponder={[Function]}
                    style={
                      Object {
                        "alignItems": "center",
                        "alignSelf": "center",
                        "backgroundColor": "#5f4b8b",
                        "borderBottomWidth": null,
                        "borderColor": "#007aff",
                        "borderLeftWidth": null,
                        "borderRadius": 57,
                        "borderRightWidth": null,
                        "borderTopWidth": null,
                        "elevation": 2,
                        "flex": 8,
                        "flexDirection": "row",
                        "height": 50,
                        "justifyContent": "center",
                        "marginBottom": 0,
                        "marginTop": 40,
                        "opacity": 1,
                        "paddingBottom": 6,
                        "paddingTop": 6,
                        "width": 180,
                      }
                    }
                    testID={undefined}
                    tvParallaxProperties={undefined}
                  >
                    <View
                      style={
                        Object {
                          "alignItems": "center",
                          "flexDirection": "row",
                        }
                      }
                    >
                      <Text
                        accessible={true}
                        allowFontScaling={false}
                        ellipsizeMode="tail"
                        style={
                          Array [
                            Object {
                              "color": "#fff",
                              "fontSize": 25,
                            },
                            Object {
                              "paddingHorizontal": 15,
                            },
                            Object {
                              "fontFamily": "Entypo",
                              "fontStyle": "normal",
                              "fontWeight": "normal",
                            },
                          ]
                        }
                      >
                        
                      </Text>
                      <Text
                        accessible={true}
                        allowFontScaling={true}
                        ellipsizeMode="tail"
                        style={
                          Object {
                            "alignItems": "center",
                            "color": "white",
                            "fontFamily": "Raleway",
                            "fontSize": 16,
                            "marginRight": 40,
                          }
                        }
                      >
                        Editar
                      </Text>
                    </View>
                  </View>
                </View>
              </RCTScrollView>
              <View
                style={
                  Object {
                    "alignItems": "center",
                    "flex": 1,
                  }
                }
              >
                <View
                  accessibilityComponentType={undefined}
                  accessibilityLabel={undefined}
                  accessibilityTraits={undefined}
                  accessible={true}
                  collapsable={undefined}
                  hasTVPreferredFocus={undefined}
                  hitSlop={undefined}
                  isTVSelectable={true}
                  nativeID={undefined}
                  onLayout={undefined}
                  onResponderGrant={[Function]}
                  onResponderMove={[Function]}
                  onResponderRelease={[Function]}
                  onResponderTerminate={[Function]}
                  onResponderTerminationRequest={[Function]}
                  onStartShouldSetResponder={[Function]}
                  style={
                    Object {
                      "alignItems": "center",
                      "alignSelf": "center",
                      "backgroundColor": null,
                      "borderBottomWidth": null,
                      "borderColor": "#007aff",
                      "borderLeftWidth": null,
                      "borderRadius": 5,
                      "borderRightWidth": null,
                      "borderTopWidth": null,
                      "elevation": 0,
                      "flexDirection": "row",
                      "height": 50,
                      "justifyContent": "center",
                      "margin": 20,
                      "marginBottom": 20,
                      "marginHorizontal": 120,
                      "opacity": 1,
                      "paddingBottom": 6,
                      "paddingTop": 6,
                      "shadowColor": null,
                      "shadowOffset": null,
                      "shadowOpacity": null,
                      "shadowRadius": null,
                      "width": 170,
                    }
                  }
                  testID={undefined}
                  tvParallaxProperties={undefined}
                >
                  <Text
                    accessible={true}
                    allowFontScaling={true}
                    ellipsizeMode="tail"
                    style={
                      Array [
                        Object {
                          "backgroundColor": "transparent",
                          "color": "#f0ad4e",
                          "fontFamily": "System",
                          "fontSize": 16.5,
                          "lineHeight": 19,
                          "marginLeft": 0,
                          "marginRight": 0,
                          "paddingLeft": 16,
                          "paddingRight": 16,
                        },
                        Object {
                          "alignItems": "center",
                          "color": "#fd7d01",
                          "fontFamily": "Raleway",
                          "fontSize": 17,
                        },
                      ]
                    }
                    uppercase={false}
                    virtual={undefined}
                  >
                    Excluir conta
                  </Text>
                </View>
              </View>
            </View>
          </View>
        </View>
      </View>
    </View>
  </View>
</View>
`;
