// Jest Snapshot v1, https://goo.gl/fbAQLP

exports[`renders correctly 1`] = `
<View
  style={
    Object {
      "alignItems": "center",
      "backgroundColor": "#fd7d01",
      "flex": 0.25,
      "justifyContent": "center",
    }
  }
>
  <View
    style={
      Object {
        "alignItems": "center",
        "backgroundColor": "#f1f1f1",
        "borderRadius": 5,
        "height": 40,
        "margin": 1,
        "width": 7.5,
      }
    }
  />
</View>
`;
