// Jest Snapshot v1, https://goo.gl/fbAQLP

exports[`renders correctly 1`] = `
<View
  style={
    Object {
      "backgroundColor": "#FFF",
      "flexDirection": "column",
    }
  }
>
  <View>
    <View
      style={
        Array [
          Object {
            "backgroundColor": "#F8F8F8",
            "borderBottomColor": "#a7a6ab",
            "borderBottomWidth": 0.5,
            "elevation": 3,
            "flexDirection": "row",
            "height": 64,
            "justifyContent": "center",
            "left": 0,
            "paddingLeft": 10,
            "paddingRight": 10,
            "paddingTop": 15,
            "right": 0,
            "shadowColor": undefined,
            "shadowOffset": undefined,
            "shadowOpacity": undefined,
            "shadowRadius": undefined,
            "top": 0,
          },
          Object {
            "backgroundColor": "#5f4b8b",
          },
        ]
      }
      virtual={undefined}
    >
      <View
        style={
          Object {
            "alignItems": "center",
            "alignSelf": "center",
            "flex": 1,
          }
        }
        virtual={undefined}
      >
        <Text
          accessible={true}
          allowFontScaling={true}
          ellipsizeMode="tail"
          numberOfLines={1}
          style={
            Array [
              Object {
                "color": "#000",
                "fontFamily": "System",
                "fontSize": 17,
                "fontWeight": "600",
                "textAlign": "center",
              },
              Object {
                "fontFamily": "Raleway",
              },
            ]
          }
          virtual={undefined}
        >
           
          Editar Perfil
           
        </Text>
      </View>
    </View>
  </View>
  <RCTScrollView>
    <View>
      <View>
        <Image
          source={
            Object {
              "testUri": "../../../assets/img/DulceHorizontalFull.png",
            }
          }
          style={
            Object {
              "alignSelf": "center",
              "backgroundColor": "transparent",
              "height": 100,
              "marginBottom": 30,
              "marginTop": 45,
              "resizeMode": "contain",
              "width": 200,
            }
          }
        />
      </View>
      <View
        style={Object {}}
        virtual={undefined}
      >
        <View
          accessibilityComponentType={undefined}
          accessibilityLabel={undefined}
          accessibilityTraits={undefined}
          accessible={true}
          collapsable={undefined}
          hasTVPreferredFocus={undefined}
          hitSlop={undefined}
          isTVSelectable={true}
          nativeID={undefined}
          onLayout={undefined}
          onResponderGrant={[Function]}
          onResponderMove={[Function]}
          onResponderRelease={[Function]}
          onResponderTerminate={[Function]}
          onResponderTerminationRequest={[Function]}
          onStartShouldSetResponder={[Function]}
          style={
            Object {
              "alignItems": "center",
              "backgroundColor": "transparent",
              "borderBottomWidth": 1,
              "borderColor": "#D9D5DC",
              "borderLeftWidth": 0,
              "borderRightWidth": 0,
              "borderTopWidth": 0,
              "flexDirection": "row",
              "marginLeft": 15,
              "marginTop": 15,
              "opacity": 1,
            }
          }
          testID={undefined}
          tvParallaxProperties={undefined}
        >
          <View
            collapsable={undefined}
            style={
              Object {
                "left": 0,
                "opacity": 1,
                "paddingBottom": undefined,
                "paddingTop": undefined,
                "position": "absolute",
                "right": 0,
                "top": 18,
              }
            }
          >
            <Text
              accessible={true}
              allowFontScaling={true}
              ellipsizeMode="tail"
              style={
                Array [
                  Object {
                    "color": "#575757",
                    "fontSize": 17,
                    "left": 0,
                    "paddingRight": 5,
                    "top": 6,
                  },
                  Object {
                    "fontFamily": "Lato",
                  },
                ]
              }
              virtual={undefined}
            >
              <Text
                accessible={true}
                allowFontScaling={true}
                ellipsizeMode="tail"
                style={
                  Array [
                    Object {
                      "fontSize": 17,
                    },
                    Object {
                      "fontFamily": "Lato",
                    },
                  ]
                }
                virtual={undefined}
              >
                Nome
              </Text>
            </Text>
          </View>
          <TextInput
            allowFontScaling={true}
            editable={false}
            nameLabel="Nome"
            onBlur={[Function]}
            onChangeText={[Function]}
            onFocus={[Function]}
            placeholderTextColor="#575757"
            style={
              Array [
                Object {
                  "color": "#000",
                  "flex": 1,
                  "fontSize": 17,
                  "height": 50,
                  "lineHeight": 24,
                  "marginLeft": null,
                  "paddingLeft": null,
                  "paddingRight": 5,
                  "top": 10,
                },
                Object {
                  "alignSelf": "center",
                  "borderBottomColor": "grey",
                  "borderBottomWidth": 1,
                  "height": 40,
                  "marginBottom": 10,
                  "marginTop": 10,
                  "width": "80%",
                },
              ]
            }
            underlineColorAndroid="transparent"
            value={undefined}
            virtual={undefined}
          />
        </View>
      </View>
      <View
        style={Object {}}
        virtual={undefined}
      >
        <View
          accessibilityComponentType={undefined}
          accessibilityLabel={undefined}
          accessibilityTraits={undefined}
          accessible={true}
          collapsable={undefined}
          hasTVPreferredFocus={undefined}
          hitSlop={undefined}
          isTVSelectable={true}
          nativeID={undefined}
          onLayout={undefined}
          onResponderGrant={[Function]}
          onResponderMove={[Function]}
          onResponderRelease={[Function]}
          onResponderTerminate={[Function]}
          onResponderTerminationRequest={[Function]}
          onStartShouldSetResponder={[Function]}
          style={
            Object {
              "alignItems": "center",
              "backgroundColor": "transparent",
              "borderBottomWidth": 1,
              "borderColor": "#D9D5DC",
              "borderLeftWidth": 0,
              "borderRightWidth": 0,
              "borderTopWidth": 0,
              "flexDirection": "row",
              "marginLeft": 15,
              "marginTop": 15,
              "opacity": 1,
            }
          }
          testID={undefined}
          tvParallaxProperties={undefined}
        >
          <View
            collapsable={undefined}
            style={
              Object {
                "left": 0,
                "opacity": 1,
                "paddingBottom": undefined,
                "paddingTop": undefined,
                "position": "absolute",
                "right": 0,
                "top": 18,
              }
            }
          >
            <Text
              accessible={true}
              allowFontScaling={true}
              ellipsizeMode="tail"
              style={
                Array [
                  Object {
                    "color": "#575757",
                    "fontSize": 17,
                    "left": 0,
                    "paddingRight": 5,
                    "top": 6,
                  },
                  Object {
                    "fontFamily": "Lato",
                  },
                ]
              }
              virtual={undefined}
            >
              <Text
                accessible={true}
                allowFontScaling={true}
                ellipsizeMode="tail"
                style={
                  Array [
                    Object {
                      "fontSize": 17,
                    },
                    Object {
                      "fontFamily": "Lato",
                    },
                  ]
                }
                virtual={undefined}
              >
                Matrícula
              </Text>
            </Text>
          </View>
          <TextInput
            allowFontScaling={true}
            editable={false}
            nameLabel="Matrícula"
            onBlur={[Function]}
            onChangeText={[Function]}
            onFocus={[Function]}
            placeholder="Matricula"
            placeholderTextColor="#575757"
            style={
              Array [
                Object {
                  "color": "#000",
                  "flex": 1,
                  "fontSize": 17,
                  "height": 50,
                  "lineHeight": 24,
                  "marginLeft": null,
                  "paddingLeft": null,
                  "paddingRight": 5,
                  "top": 10,
                },
                Object {
                  "alignSelf": "center",
                  "borderBottomColor": "grey",
                  "borderBottomWidth": 1,
                  "height": 40,
                  "marginBottom": 10,
                  "marginTop": 10,
                  "width": "80%",
                },
              ]
            }
            underlineColorAndroid="transparent"
            value={undefined}
            virtual={undefined}
          />
        </View>
      </View>
      <View
        style={Object {}}
        virtual={undefined}
      >
        <View
          accessibilityComponentType={undefined}
          accessibilityLabel={undefined}
          accessibilityTraits={undefined}
          accessible={true}
          collapsable={undefined}
          hasTVPreferredFocus={undefined}
          hitSlop={undefined}
          isTVSelectable={true}
          nativeID={undefined}
          onLayout={undefined}
          onResponderGrant={[Function]}
          onResponderMove={[Function]}
          onResponderRelease={[Function]}
          onResponderTerminate={[Function]}
          onResponderTerminationRequest={[Function]}
          onStartShouldSetResponder={[Function]}
          style={
            Object {
              "alignItems": "center",
              "backgroundColor": "transparent",
              "borderBottomWidth": 1,
              "borderColor": "#D9D5DC",
              "borderLeftWidth": 0,
              "borderRightWidth": 0,
              "borderTopWidth": 0,
              "flexDirection": "row",
              "marginLeft": 15,
              "marginTop": 15,
              "opacity": 1,
            }
          }
          testID={undefined}
          tvParallaxProperties={undefined}
        >
          <View
            collapsable={undefined}
            style={
              Object {
                "left": 0,
                "opacity": 1,
                "paddingBottom": undefined,
                "paddingTop": undefined,
                "position": "absolute",
                "right": 0,
                "top": 18,
              }
            }
          >
            <Text
              accessible={true}
              allowFontScaling={true}
              ellipsizeMode="tail"
              style={
                Array [
                  Object {
                    "color": "#575757",
                    "fontSize": 17,
                    "left": 0,
                    "paddingRight": 5,
                    "top": 6,
                  },
                  Object {
                    "fontFamily": "Lato",
                  },
                ]
              }
              virtual={undefined}
            >
              <Text
                accessible={true}
                allowFontScaling={true}
                ellipsizeMode="tail"
                style={
                  Array [
                    Object {
                      "fontSize": 17,
                    },
                    Object {
                      "fontFamily": "Lato",
                    },
                  ]
                }
                virtual={undefined}
              >
                Hospital
              </Text>
            </Text>
          </View>
          <TextInput
            allowFontScaling={true}
            editable={true}
            nameLabel="Hospital"
            onBlur={[Function]}
            onChangeText={[Function]}
            onFocus={[Function]}
            placeholderTextColor="#575757"
            style={
              Array [
                Object {
                  "color": "#000",
                  "flex": 1,
                  "fontSize": 17,
                  "height": 50,
                  "lineHeight": 24,
                  "marginLeft": null,
                  "paddingLeft": null,
                  "paddingRight": 5,
                  "top": 10,
                },
                Object {
                  "alignSelf": "center",
                  "borderBottomColor": "grey",
                  "borderBottomWidth": 1,
                  "height": 40,
                  "marginBottom": 10,
                  "marginTop": 10,
                  "width": "80%",
                },
              ]
            }
            underlineColorAndroid="transparent"
            value={undefined}
            virtual={undefined}
          />
        </View>
      </View>
      <View
        style={Object {}}
        virtual={undefined}
      >
        <View
          accessibilityComponentType={undefined}
          accessibilityLabel={undefined}
          accessibilityTraits={undefined}
          accessible={true}
          collapsable={undefined}
          hasTVPreferredFocus={undefined}
          hitSlop={undefined}
          isTVSelectable={true}
          nativeID={undefined}
          onLayout={undefined}
          onResponderGrant={[Function]}
          onResponderMove={[Function]}
          onResponderRelease={[Function]}
          onResponderTerminate={[Function]}
          onResponderTerminationRequest={[Function]}
          onStartShouldSetResponder={[Function]}
          style={
            Object {
              "alignItems": "center",
              "backgroundColor": "transparent",
              "borderBottomWidth": 1,
              "borderColor": "#D9D5DC",
              "borderLeftWidth": 0,
              "borderRightWidth": 0,
              "borderTopWidth": 0,
              "flexDirection": "row",
              "marginLeft": 15,
              "marginTop": 15,
              "opacity": 1,
            }
          }
          testID={undefined}
          tvParallaxProperties={undefined}
        >
          <View
            collapsable={undefined}
            style={
              Object {
                "left": 0,
                "opacity": 1,
                "paddingBottom": undefined,
                "paddingTop": undefined,
                "position": "absolute",
                "right": 0,
                "top": 18,
              }
            }
          >
            <Text
              accessible={true}
              allowFontScaling={true}
              ellipsizeMode="tail"
              style={
                Array [
                  Object {
                    "color": "#575757",
                    "fontSize": 17,
                    "left": 0,
                    "paddingRight": 5,
                    "top": 6,
                  },
                  Object {
                    "fontFamily": "Lato",
                  },
                ]
              }
              virtual={undefined}
            >
              <Text
                accessible={true}
                allowFontScaling={true}
                ellipsizeMode="tail"
                style={
                  Array [
                    Object {
                      "fontSize": 17,
                    },
                    Object {
                      "fontFamily": "Lato",
                    },
                  ]
                }
                virtual={undefined}
              >
                setor
              </Text>
            </Text>
          </View>
          <TextInput
            allowFontScaling={true}
            editable={true}
            nameLabel="setor"
            onBlur={[Function]}
            onChangeText={[Function]}
            onFocus={[Function]}
            placeholderTextColor="#575757"
            style={
              Array [
                Object {
                  "color": "#000",
                  "flex": 1,
                  "fontSize": 17,
                  "height": 50,
                  "lineHeight": 24,
                  "marginLeft": null,
                  "paddingLeft": null,
                  "paddingRight": 5,
                  "top": 10,
                },
                Object {
                  "alignSelf": "center",
                  "borderBottomColor": "grey",
                  "borderBottomWidth": 1,
                  "height": 40,
                  "marginBottom": 10,
                  "marginTop": 10,
                  "width": "80%",
                },
              ]
            }
            underlineColorAndroid="transparent"
            value={undefined}
            virtual={undefined}
          />
        </View>
      </View>
      <View
        style={Object {}}
        virtual={undefined}
      >
        <View
          accessibilityComponentType={undefined}
          accessibilityLabel={undefined}
          accessibilityTraits={undefined}
          accessible={true}
          collapsable={undefined}
          hasTVPreferredFocus={undefined}
          hitSlop={undefined}
          isTVSelectable={true}
          nativeID={undefined}
          onLayout={undefined}
          onResponderGrant={[Function]}
          onResponderMove={[Function]}
          onResponderRelease={[Function]}
          onResponderTerminate={[Function]}
          onResponderTerminationRequest={[Function]}
          onStartShouldSetResponder={[Function]}
          style={
            Object {
              "alignItems": "center",
              "backgroundColor": "transparent",
              "borderBottomWidth": 1,
              "borderColor": "#D9D5DC",
              "borderLeftWidth": 0,
              "borderRightWidth": 0,
              "borderTopWidth": 0,
              "flexDirection": "row",
              "marginLeft": 15,
              "marginTop": 15,
              "opacity": 1,
            }
          }
          testID={undefined}
          tvParallaxProperties={undefined}
        >
          <View
            collapsable={undefined}
            style={
              Object {
                "left": 0,
                "opacity": 1,
                "paddingBottom": undefined,
                "paddingTop": undefined,
                "position": "absolute",
                "right": 0,
                "top": 18,
              }
            }
          >
            <Text
              accessible={true}
              allowFontScaling={true}
              ellipsizeMode="tail"
              style={
                Array [
                  Object {
                    "color": "#575757",
                    "fontSize": 17,
                    "left": 0,
                    "paddingRight": 5,
                    "top": 6,
                  },
                  Object {
                    "fontFamily": "Lato",
                  },
                ]
              }
              virtual={undefined}
            >
              <Text
                accessible={true}
                allowFontScaling={true}
                ellipsizeMode="tail"
                style={
                  Array [
                    Object {
                      "fontSize": 17,
                    },
                    Object {
                      "fontFamily": "Lato",
                    },
                  ]
                }
                virtual={undefined}
              >
                Editar senha
              </Text>
            </Text>
          </View>
          <TextInput
            allowFontScaling={true}
            editable={true}
            nameLabel="Editar senha"
            onBlur={[Function]}
            onChangeText={[Function]}
            onFocus={[Function]}
            placeholderTextColor="#575757"
            secureTextEntry={true}
            style={
              Array [
                Object {
                  "color": "#000",
                  "flex": 1,
                  "fontSize": 17,
                  "height": 50,
                  "lineHeight": 24,
                  "marginLeft": null,
                  "paddingLeft": null,
                  "paddingRight": 5,
                  "top": 10,
                },
                Object {
                  "alignSelf": "center",
                  "borderBottomColor": "grey",
                  "borderBottomWidth": 1,
                  "height": 40,
                  "marginBottom": 10,
                  "marginTop": 10,
                  "width": "80%",
                },
              ]
            }
            underlineColorAndroid="transparent"
            value=""
            virtual={undefined}
          />
        </View>
      </View>
      <View
        style={
          Object {
            "alignContent": "space-around",
            "flexDirection": "row",
          }
        }
      >
        <View
          style={
            Object {
              "flex": 1,
              "height": 1334,
            }
          }
          virtual={undefined}
        >
          <RCTScrollView
            automaticallyAdjustContentInsets={false}
            contentContainerStyle={
              Array [
                Object {
                  "padding": undefined,
                },
                undefined,
              ]
            }
            contentInset={
              Object {
                "bottom": 0,
              }
            }
            enableAutomaticScroll={true}
            enableResetScrollToCoords={true}
            extraHeight={75}
            extraScrollHeight={0}
            getScrollResponder={[Function]}
            handleOnScroll={[Function]}
            keyboardDismissMode="interactive"
            keyboardOpeningTime={250}
            keyboardShouldPersistTaps="handled"
            keyboardSpace={0}
            onScroll={[Function]}
            resetKeyboardSpace={[Function]}
            resetScrollToCoords={
              Object {
                "x": 0,
                "y": 0,
              }
            }
            scrollEventThrottle={1}
            scrollForExtraHeightOnAndroid={[Function]}
            scrollToEnd={[Function]}
            scrollToFocusedInput={[Function]}
            scrollToPosition={[Function]}
            showsVerticalScrollIndicator={true}
            style={
              Object {
                "backgroundColor": "transparent",
                "flex": 1,
              }
            }
            viewIsInsideTabBar={false}
            virtual={undefined}
          >
            <View>
              <View
                accessibilityComponentType={undefined}
                accessibilityLabel={undefined}
                accessibilityTraits={undefined}
                accessible={true}
                collapsable={undefined}
                hasTVPreferredFocus={undefined}
                hitSlop={undefined}
                isTVSelectable={true}
                nativeID={undefined}
                onLayout={undefined}
                onResponderGrant={[Function]}
                onResponderMove={[Function]}
                onResponderRelease={[Function]}
                onResponderTerminate={[Function]}
                onResponderTerminationRequest={[Function]}
                onStartShouldSetResponder={[Function]}
                style={
                  Object {
                    "alignItems": "center",
                    "alignSelf": "center",
                    "backgroundColor": "#5f4b8b",
                    "borderBottomWidth": null,
                    "borderColor": "#007aff",
                    "borderLeftWidth": null,
                    "borderRadius": 5,
                    "borderRightWidth": null,
                    "borderTopWidth": null,
                    "elevation": 2,
                    "flexDirection": "row",
                    "height": 50,
                    "justifyContent": "center",
                    "marginBottom": 0,
                    "marginTop": 30,
                    "opacity": 1,
                    "paddingBottom": 6,
                    "paddingHorizontal": 50,
                    "paddingTop": 6,
                  }
                }
                testID={undefined}
                tvParallaxProperties={undefined}
              >
                <Text
                  accessible={true}
                  allowFontScaling={true}
                  ellipsizeMode="tail"
                  style={
                    Object {
                      "color": "white",
                      "fontFamily": "Raleway",
                      "fontSize": 20,
                    }
                  }
                >
                  Salvar
                </Text>
              </View>
            </View>
          </RCTScrollView>
        </View>
      </View>
    </View>
  </RCTScrollView>
</View>
`;
