// Jest Snapshot v1, https://goo.gl/fbAQLP

exports[`renders correctly 1`] = `
<View
  style={
    Object {
      "backgroundColor": "#FFF",
      "flex": 1,
      "flexDirection": "column",
      "padding": 15,
      "paddingHorizontal": 20,
    }
  }
>
  <Image
    source={
      Object {
        "testUri": "../../../assets/img/logo.png",
      }
    }
  />
  <TextInput
    Textvalue={undefined}
    allowFontScaling={true}
    editable={false}
    onChangeText={[Function]}
    placeholder="Nome"
    style={
      Object {
        "alignSelf": "center",
        "borderBottomColor": "grey",
        "borderBottomWidth": 1,
        "height": 36,
        "marginBottom": 10,
        "marginTop": 10,
        "width": "80%",
      }
    }
  />
  <TextInput
    allowFontScaling={true}
    editable={false}
    placeholder="Matricula"
    style={
      Object {
        "alignSelf": "center",
        "borderBottomColor": "grey",
        "borderBottomWidth": 1,
        "height": 36,
        "marginBottom": 10,
        "marginTop": 10,
        "width": "80%",
      }
    }
  />
  <TextInput
    allowFontScaling={true}
    editable={false}
    onChangeText={[Function]}
    placeholder="Hospital"
    style={
      Object {
        "alignSelf": "center",
        "borderBottomColor": "grey",
        "borderBottomWidth": 1,
        "height": 36,
        "marginBottom": 10,
        "marginTop": 10,
        "width": "80%",
      }
    }
  />
  <TextInput
    allowFontScaling={true}
    editable={false}
    onChangeText={[Function]}
    placeholder="Setor"
    style={
      Object {
        "alignSelf": "center",
        "borderBottomColor": "grey",
        "borderBottomWidth": 1,
        "height": 36,
        "marginBottom": 10,
        "marginTop": 10,
        "width": "80%",
      }
    }
  />
  <TextInput
    allowFontScaling={true}
    editable={false}
    onChangeText={[Function]}
    placeholder="Editar senha"
    secureTextEntry={true}
    style={
      Object {
        "alignSelf": "center",
        "borderBottomColor": "grey",
        "borderBottomWidth": 1,
        "height": 36,
        "marginBottom": 10,
        "marginTop": 10,
        "width": "80%",
      }
    }
  />
  <View
    style={
      Object {
        "alignContent": "space-around",
        "flexDirection": "row",
      }
    }
  >
    <View
      accessibilityComponentType={undefined}
      accessibilityLabel={undefined}
      accessibilityTraits={undefined}
      accessible={true}
      hasTVPreferredFocus={undefined}
      hitSlop={undefined}
      isTVSelectable={true}
      nativeID={undefined}
      onLayout={undefined}
      onResponderGrant={[Function]}
      onResponderMove={[Function]}
      onResponderRelease={[Function]}
      onResponderTerminate={[Function]}
      onResponderTerminationRequest={[Function]}
      onStartShouldSetResponder={[Function]}
      style={
        Object {
          "alignItems": "center",
          "backgroundColor": "lightgray",
          "height": 40,
          "marginLeft": 10,
          "marginRight": 5,
          "marginTop": 15,
          "padding": 10,
          "width": 140,
        }
      }
      testID={undefined}
      tvParallaxProperties={undefined}
    >
      <Text
        accessible={true}
        allowFontScaling={true}
        ellipsizeMode="tail"
        style={null}
      >
        Editar perfil
      </Text>
    </View>
    <View
      accessibilityComponentType={undefined}
      accessibilityLabel={undefined}
      accessibilityTraits={undefined}
      accessible={true}
      hasTVPreferredFocus={undefined}
      hitSlop={undefined}
      isTVSelectable={true}
      nativeID={undefined}
      onLayout={undefined}
      onResponderGrant={[Function]}
      onResponderMove={[Function]}
      onResponderRelease={[Function]}
      onResponderTerminate={[Function]}
      onResponderTerminationRequest={[Function]}
      onStartShouldSetResponder={[Function]}
      style={
        Object {
          "alignItems": "center",
          "backgroundColor": "lightgray",
          "height": 40,
          "marginLeft": 10,
          "marginRight": 5,
          "marginTop": 15,
          "padding": 10,
          "width": 140,
        }
      }
      testID={undefined}
      tvParallaxProperties={undefined}
    >
      <Text
        accessible={true}
        allowFontScaling={true}
        ellipsizeMode="tail"
        style={null}
      >
        Salvar
      </Text>
    </View>
  </View>
</View>
`;
