// Jest Snapshot v1, https://goo.gl/fbAQLP

exports[`renders correctly 1`] = `
<RCTScrollView
  style={undefined}
>
  <View>
    <View>
      <Image
        source={
          Object {
            "testUri": "../../../assets/img/DulceHorizontalFull.png",
          }
        }
        style={
          Object {
            "alignSelf": "center",
            "backgroundColor": "transparent",
            "height": 100,
            "marginBottom": 20,
            "resizeMode": "contain",
            "width": 200,
          }
        }
      />
    </View>
    <View
      style={
        Object {
          "flex": 1,
          "height": 1334,
        }
      }
      virtual={undefined}
    >
      <RCTScrollView
        automaticallyAdjustContentInsets={false}
        contentContainerStyle={
          Array [
            Object {
              "padding": undefined,
            },
            undefined,
          ]
        }
        contentInset={
          Object {
            "bottom": 0,
          }
        }
        enableAutomaticScroll={true}
        enableResetScrollToCoords={true}
        extraHeight={75}
        extraScrollHeight={0}
        getScrollResponder={[Function]}
        handleOnScroll={[Function]}
        keyboardDismissMode="interactive"
        keyboardOpeningTime={250}
        keyboardShouldPersistTaps="handled"
        keyboardSpace={0}
        onScroll={[Function]}
        resetKeyboardSpace={[Function]}
        resetScrollToCoords={
          Object {
            "x": 0,
            "y": 0,
          }
        }
        scrollEventThrottle={1}
        scrollForExtraHeightOnAndroid={[Function]}
        scrollToEnd={[Function]}
        scrollToFocusedInput={[Function]}
        scrollToPosition={[Function]}
        showsVerticalScrollIndicator={true}
        style={
          Object {
            "backgroundColor": "transparent",
            "flex": 1,
          }
        }
        viewIsInsideTabBar={false}
        virtual={undefined}
      >
        <View>
          <View
            style={
              Object {
                "marginBottom": 20,
                "paddingHorizontal": 48,
              }
            }
          >
            <View
              accessibilityComponentType={undefined}
              accessibilityLabel={undefined}
              accessibilityTraits={undefined}
              accessible={true}
              hasTVPreferredFocus={undefined}
              hitSlop={undefined}
              isTVSelectable={true}
              nativeID={undefined}
              onLayout={undefined}
              onResponderGrant={[Function]}
              onResponderMove={[Function]}
              onResponderRelease={[Function]}
              onResponderTerminate={[Function]}
              onResponderTerminationRequest={[Function]}
              onStartShouldSetResponder={[Function]}
              style={
                Array [
                  Object {
                    "overflow": "hidden",
                  },
                  Object {
                    "backgroundColor": "purple",
                    "borderRadius": 5,
                  },
                ]
              }
              testID={undefined}
              tvParallaxProperties={undefined}
            >
              <View
                style={
                  Array [
                    Object {
                      "alignItems": "center",
                      "flexDirection": "row",
                      "justifyContent": "flex-start",
                      "padding": 8,
                    },
                    Object {
                      "backgroundColor": "purple",
                      "borderRadius": 5,
                    },
                    Object {
                      "marginLeft": 25,
                    },
                  ]
                }
              >
                <Text
                  accessible={true}
                  allowFontScaling={false}
                  ellipsizeMode="tail"
                  onPress={[Function]}
                  style={
                    Array [
                      Object {
                        "color": "white",
                        "fontSize": 20,
                      },
                      Object {
                        "marginRight": 10,
                      },
                      Object {
                        "fontFamily": "FontAwesome",
                        "fontStyle": "normal",
                        "fontWeight": "normal",
                      },
                    ]
                  }
                >
                  
                </Text>
                <Text
                  accessible={true}
                  allowFontScaling={true}
                  ellipsizeMode="tail"
                  style={
                    Array [
                      Object {
                        "backgroundColor": "transparent",
                        "fontWeight": "600",
                      },
                      Object {
                        "color": "white",
                      },
                    ]
                  }
                >
                  Editar perfil
                </Text>
              </View>
            </View>
          </View>
          <View
            style={
              Object {
                "marginBottom": 20,
                "paddingHorizontal": 48,
              }
            }
          >
            <View
              accessibilityComponentType={undefined}
              accessibilityLabel={undefined}
              accessibilityTraits={undefined}
              accessible={true}
              hasTVPreferredFocus={undefined}
              hitSlop={undefined}
              isTVSelectable={true}
              nativeID={undefined}
              onLayout={undefined}
              onResponderGrant={[Function]}
              onResponderMove={[Function]}
              onResponderRelease={[Function]}
              onResponderTerminate={[Function]}
              onResponderTerminationRequest={[Function]}
              onStartShouldSetResponder={[Function]}
              style={
                Array [
                  Object {
                    "overflow": "hidden",
                  },
                  Object {
                    "backgroundColor": "purple",
                    "borderRadius": 5,
                  },
                ]
              }
              testID={undefined}
              tvParallaxProperties={undefined}
            >
              <View
                style={
                  Array [
                    Object {
                      "alignItems": "center",
                      "flexDirection": "row",
                      "justifyContent": "flex-start",
                      "padding": 8,
                    },
                    Object {
                      "backgroundColor": "purple",
                      "borderRadius": 5,
                    },
                    Object {
                      "marginLeft": 25,
                    },
                  ]
                }
              >
                <Text
                  accessible={true}
                  allowFontScaling={false}
                  ellipsizeMode="tail"
                  onPress={[Function]}
                  style={
                    Array [
                      Object {
                        "color": "white",
                        "fontSize": 20,
                      },
                      Object {
                        "marginRight": 10,
                      },
                      Object {
                        "fontFamily": "FontAwesome",
                        "fontStyle": "normal",
                        "fontWeight": "normal",
                      },
                    ]
                  }
                >
                  
                </Text>
                <Text
                  accessible={true}
                  allowFontScaling={true}
                  ellipsizeMode="tail"
                  style={
                    Array [
                      Object {
                        "backgroundColor": "transparent",
                        "fontWeight": "600",
                      },
                      Object {
                        "color": "white",
                      },
                    ]
                  }
                >
                  Ver médicos
                </Text>
              </View>
            </View>
          </View>
          <View
            style={
              Object {
                "marginBottom": 20,
                "paddingHorizontal": 48,
              }
            }
          >
            <View
              accessibilityComponentType={undefined}
              accessibilityLabel={undefined}
              accessibilityTraits={undefined}
              accessible={true}
              hasTVPreferredFocus={undefined}
              hitSlop={undefined}
              isTVSelectable={true}
              nativeID={undefined}
              onLayout={undefined}
              onResponderGrant={[Function]}
              onResponderMove={[Function]}
              onResponderRelease={[Function]}
              onResponderTerminate={[Function]}
              onResponderTerminationRequest={[Function]}
              onStartShouldSetResponder={[Function]}
              style={
                Array [
                  Object {
                    "overflow": "hidden",
                  },
                  Object {
                    "backgroundColor": "purple",
                    "borderRadius": 5,
                  },
                ]
              }
              testID={undefined}
              tvParallaxProperties={undefined}
            >
              <View
                style={
                  Array [
                    Object {
                      "alignItems": "center",
                      "flexDirection": "row",
                      "justifyContent": "flex-start",
                      "padding": 8,
                    },
                    Object {
                      "backgroundColor": "purple",
                      "borderRadius": 5,
                    },
                    Object {
                      "marginLeft": 25,
                    },
                  ]
                }
              >
                <Text
                  accessible={true}
                  allowFontScaling={false}
                  ellipsizeMode="tail"
                  onPress={[Function]}
                  style={
                    Array [
                      Object {
                        "color": "white",
                        "fontSize": 20,
                      },
                      Object {
                        "marginRight": 10,
                      },
                      Object {
                        "fontFamily": "FontAwesome",
                        "fontStyle": "normal",
                        "fontWeight": "normal",
                      },
                    ]
                  }
                >
                  
                </Text>
                <Text
                  accessible={true}
                  allowFontScaling={true}
                  ellipsizeMode="tail"
                  style={
                    Array [
                      Object {
                        "backgroundColor": "transparent",
                        "fontWeight": "600",
                      },
                      Object {
                        "color": "white",
                      },
                    ]
                  }
                >
                  Criar novos gestores
                </Text>
              </View>
            </View>
          </View>
          <View
            style={
              Object {
                "marginBottom": 20,
                "paddingHorizontal": 48,
              }
            }
          >
            <View
              accessibilityComponentType={undefined}
              accessibilityLabel={undefined}
              accessibilityTraits={undefined}
              accessible={true}
              hasTVPreferredFocus={undefined}
              hitSlop={undefined}
              isTVSelectable={true}
              nativeID={undefined}
              onLayout={undefined}
              onResponderGrant={[Function]}
              onResponderMove={[Function]}
              onResponderRelease={[Function]}
              onResponderTerminate={[Function]}
              onResponderTerminationRequest={[Function]}
              onStartShouldSetResponder={[Function]}
              style={
                Array [
                  Object {
                    "overflow": "hidden",
                  },
                  Object {
                    "backgroundColor": "purple",
                    "borderRadius": 5,
                  },
                ]
              }
              testID={undefined}
              tvParallaxProperties={undefined}
            >
              <View
                style={
                  Array [
                    Object {
                      "alignItems": "center",
                      "flexDirection": "row",
                      "justifyContent": "flex-start",
                      "padding": 8,
                    },
                    Object {
                      "backgroundColor": "purple",
                      "borderRadius": 5,
                    },
                    Object {
                      "marginLeft": 25,
                    },
                  ]
                }
              >
                <Text
                  accessible={true}
                  allowFontScaling={false}
                  ellipsizeMode="tail"
                  onPress={[Function]}
                  style={
                    Array [
                      Object {
                        "color": "white",
                        "fontSize": 20,
                      },
                      Object {
                        "marginRight": 10,
                      },
                      Object {
                        "fontFamily": "FontAwesome",
                        "fontStyle": "normal",
                        "fontWeight": "normal",
                      },
                    ]
                  }
                >
                  
                </Text>
                <Text
                  accessible={true}
                  allowFontScaling={true}
                  ellipsizeMode="tail"
                  style={
                    Array [
                      Object {
                        "backgroundColor": "transparent",
                        "fontWeight": "600",
                      },
                      Object {
                        "color": "white",
                      },
                    ]
                  }
                >
                  Perfil gestor
                </Text>
              </View>
            </View>
          </View>
          <View
            style={
              Object {
                "marginBottom": 20,
                "paddingHorizontal": 48,
              }
            }
          >
            <View
              accessibilityComponentType={undefined}
              accessibilityLabel={undefined}
              accessibilityTraits={undefined}
              accessible={true}
              hasTVPreferredFocus={undefined}
              hitSlop={undefined}
              isTVSelectable={true}
              nativeID={undefined}
              onLayout={undefined}
              onResponderGrant={[Function]}
              onResponderMove={[Function]}
              onResponderRelease={[Function]}
              onResponderTerminate={[Function]}
              onResponderTerminationRequest={[Function]}
              onStartShouldSetResponder={[Function]}
              style={
                Array [
                  Object {
                    "overflow": "hidden",
                  },
                  Object {
                    "backgroundColor": "purple",
                    "borderRadius": 5,
                  },
                ]
              }
              testID={undefined}
              tvParallaxProperties={undefined}
            >
              <View
                style={
                  Array [
                    Object {
                      "alignItems": "center",
                      "flexDirection": "row",
                      "justifyContent": "flex-start",
                      "padding": 8,
                    },
                    Object {
                      "backgroundColor": "purple",
                      "borderRadius": 5,
                    },
                    Object {
                      "marginLeft": 25,
                    },
                  ]
                }
              >
                <Text
                  accessible={true}
                  allowFontScaling={false}
                  ellipsizeMode="tail"
                  onPress={[Function]}
                  style={
                    Array [
                      Object {
                        "color": "white",
                        "fontSize": 20,
                      },
                      Object {
                        "marginRight": 10,
                      },
                      Object {
                        "fontFamily": "FontAwesome",
                        "fontStyle": "normal",
                        "fontWeight": "normal",
                      },
                    ]
                  }
                >
                  
                </Text>
                <Text
                  accessible={true}
                  allowFontScaling={true}
                  ellipsizeMode="tail"
                  style={
                    Array [
                      Object {
                        "backgroundColor": "transparent",
                        "fontWeight": "600",
                      },
                      Object {
                        "color": "white",
                      },
                    ]
                  }
                >
                  Logout
                </Text>
              </View>
            </View>
          </View>
        </View>
      </RCTScrollView>
    </View>
  </View>
</RCTScrollView>
`;
